0.9127 	ERROR 	Plugin `psychopy-cedrus` entry point requires module `psychopy_cedrus`, but it cannot be imported.
6.4124 	INFO 	Loaded monitor calibration from ['2026_03_27 17:03']
6.5357 	WARNING 	User requested fullscreen with size [1024  768], but screen is actually [1470, 956]. Using actual size
6.6162 	INFO 	Using renderer 'Apple M5' for graphics
6.6162 	INFO 	OpenGL version supported by driver is 2..
6.6359 	EXP 	Created window1 = Window(allowGUI=False, allowStencil=False, autoLog=True, backendConf=UNKNOWN, backgroundFit=<method-wrapper '__getattribute__' of attributeSetter object at 0x32e28e710>, backgroundImage=<method-wrapper '__getattribute__' of attributeSetter object at 0x32e25aed0>, bitsMode=UNKNOWN, blendMode='avg', bpc=(8, 8, 8), color=array([0, 0, 0]), colorSpace='rgb', depthBits=8, fullscr=True, gamma=None, gammaErrorPolicy='raise', infoMsg=UNKNOWN, lms=UNKNOWN, monitor=<psychopy.monitors.calibTools.Monitor object at 0x32f782e50>, multiSample=False, name='window1', numSamples=2, pos=[np.float64(0.0), np.float64(0.0)], screen=0, size=array([2940, 1912]), stencilBits=0, stereo=False, title='PsychoPy', units='height', useFBO=True, useRetina=True, viewOri=0.0, viewPos=None, viewScale=None, waitBlanking=True, winType='pyglet')
6.6359 	EXP 	window1: backgroundImage = ''
6.6359 	EXP 	window1: backgroundFit = 'none'
6.7592 	EXP 	window1: Attempting to measure frame rate of screen (0) ...
6.7592 	EXP 	window1: recordFrameIntervals = False
6.9462 	EXP 	window1: recordFrameIntervals = True
8.6129 	EXP 	window1: recordFrameIntervals = False
8.6129 	EXP 	Screen (0) actual frame rate measured at 60.04Hz
9.1662 	INFO 	keyboard.Keyboard is using ptb backend.
9.1662 	EXP 	sd1_Signal detection task_2026-09-09_17h55.44.208.psydat: status = STARTED
9.1952 	EXP 	Created text = TextStim(__class__=<class 'psychopy.visual.text.TextStim'>, alignHoriz=method-wrapper(...), alignText='center', alignVert=method-wrapper(...), anchorHoriz='center', anchorVert='center', antialias=True, autoDraw=False, autoLog=True, bold=False, color=array([1., 1., 1.]), colorSpace='rgb', contrast=1.0, depth=0.0, draggable=False, flipHoriz=False, flipVert=False, font='Arial', fontFiles=[], height=np.float64(0.05), italic=False, languageStyle='LTR', name='text', opacity=1, ori=0.0, pos=array([0., 0.]), rgb=UNKNOWN, text=str(...), units='height', win=Window(...), wrapWidth=1)
9.1962 	EXP 	Created Fixation = ShapeStim(__class__=<class 'psychopy.visual.shape.ShapeStim'>, anchor=('center', 'center'), autoDraw=False, autoLog=True, closeShape=True, color=method-wrapper(...), colorSpace='rgb', contrast=None, depth=-1.0, draggable=False, fillColor=array([1, 1, 1]), fillColorSpace='rgb', fillRGB=array([1, 1, 1]), interpolate=True, lineColor=array([1., 1., 1.]), lineColorSpace='rgb', lineRGB=array([1, 1, 1]), lineWidth=1.0, name='Fixation', opacity=1, ori=0.0, pos=array([0., 0.]), size=array([10., 10.]), units='pix', vertices=ndarray(...), win=Window(...), windingRule=None)
9.1967 	EXP 	Created grating = GratingStim(__class__=<class 'psychopy.visual.grating.GratingStim'>, anchor='center', autoDraw=False, autoLog=True, blendmode='avg', color=array([0.3, 0.3, 0.3]), colorSpace='rgb', contrast=0.3, depth=-2.0, draggable=False, interpolate=True, mask='gauss', maskParams=None, name='grating', opacity=1, ori=1.0, phase=array([0., 0.]), pos=array([0., 0.]), rgbPedestal=array([0., 0., 0.]), sf=array([5., 5.]), size=array([0.2, 0.2]), tex='sin', texRes=128.0, units='height', win=Window(...))
9.1978 	EXP 	Created text_2 = TextStim(__class__=<class 'psychopy.visual.text.TextStim'>, alignHoriz=method-wrapper(...), alignText='center', alignVert=method-wrapper(...), anchorHoriz='center', anchorVert='center', antialias=True, autoDraw=False, autoLog=True, bold=False, color=array([1., 1., 1.]), colorSpace='rgb', contrast=1.0, depth=0.0, draggable=False, flipHoriz=False, flipVert=False, font='Arial', fontFiles=[], height=np.float64(0.05), italic=False, languageStyle='LTR', name='text_2', opacity=1, ori=0.0, pos=array([0., 0.]), rgb=UNKNOWN, text='Thank you for your participation', units='height', win=Window(...), wrapWidth=1)
0.0316 	INFO 	Keyboard events cleared
0.0316 	EXP 	text: autoDraw = True
15.4777 	DATA 	Keypress: space
15.4887 	EXP 	Device response: <KeyPress from None: t=15.474845333374105, value=space, duration=None>
15.4893 	EXP 	New trial (rep=0, index=0): <Trial 0 (0 in rep 0) data={'thisN': 0, 'thisTrialN': 0, 'thisRepN': 0}>
15.4982 	EXP 	text: autoDraw = False
15.4982 	EXP 	grating: ori = np.float64(-4.0)
15.4982 	EXP 	Fixation: autoDraw = True
15.5484 	EXP 	Device response: <KeyPress from None: t=15.474845333374105, value=space, duration=0.06643695826642215>
16.4983 	INFO 	Keyboard events cleared
16.4983 	EXP 	Fixation: autoDraw = False
16.4983 	EXP 	grating: autoDraw = True
16.4983 	EXP 	grating: tex = 'sin'
16.7986 	EXP 	grating: autoDraw = False
24.8323 	DATA 	Keypress: up
24.8345 	EXP 	Device response: <KeyPress from None: t=24.816062083351426, value=up, duration=None>
24.8346 	EXP 	New trial (rep=1, index=0): <Trial 1 (0 in rep 1) data={'thisN': 1, 'thisTrialN': 0, 'thisRepN': 1}>
24.8485 	EXP 	Fixation: autoDraw = False
24.8485 	EXP 	grating: autoDraw = False
24.8485 	EXP 	grating: ori = np.float64(0.0)
24.8485 	EXP 	Fixation: autoDraw = True
24.9482 	EXP 	Device response: <KeyPress from None: t=24.816062083351426, value=up, duration=0.12236045836471021>
25.8494 	INFO 	Keyboard events cleared
25.8493 	EXP 	Fixation: autoDraw = False
25.8493 	EXP 	grating: autoDraw = True
26.1492 	EXP 	grating: autoDraw = False
28.0568 	DATA 	Keypress: up
28.0653 	EXP 	Device response: <KeyPress from None: t=28.052952750003897, value=up, duration=None>
28.0654 	EXP 	New trial (rep=2, index=0): <Trial 2 (0 in rep 2) data={'thisN': 2, 'thisTrialN': 0, 'thisRepN': 2}>
28.0814 	EXP 	Fixation: autoDraw = False
28.0814 	EXP 	grating: autoDraw = False
28.0814 	EXP 	grating: ori = np.float64(0.0)
28.0814 	EXP 	Fixation: autoDraw = True
28.2485 	EXP 	Device response: <KeyPress from None: t=28.052952750003897, value=up, duration=0.1794580416753888>
29.0658 	INFO 	Keyboard events cleared
29.0657 	EXP 	grating: autoDraw = True
29.0825 	EXP 	Fixation: autoDraw = False
29.3653 	EXP 	grating: autoDraw = False
30.2650 	EXP 	Device response: <KeyPress from None: t=30.259996499982662, value=up, duration=None>
30.2651 	EXP 	New trial (rep=3, index=0): <Trial 3 (0 in rep 3) data={'thisN': 3, 'thisTrialN': 0, 'thisRepN': 3}>
30.2655 	DATA 	Keypress: up
30.2816 	EXP 	Fixation: autoDraw = False
30.2816 	EXP 	grating: autoDraw = False
30.2816 	EXP 	grating: ori = np.float64(0.0)
30.2816 	EXP 	Fixation: autoDraw = True
30.3819 	EXP 	Device response: <KeyPress from None: t=30.259996499982662, value=up, duration=0.10827600001357496>
31.2649 	INFO 	Keyboard events cleared
31.2649 	EXP 	grating: autoDraw = True
31.2822 	EXP 	Fixation: autoDraw = False
31.5657 	EXP 	grating: autoDraw = False
31.8436 	DATA 	Keypress: up
31.8494 	EXP 	Device response: <KeyPress from None: t=31.839959166711196, value=up, duration=None>
31.8494 	EXP 	New trial (rep=4, index=0): <Trial 4 (0 in rep 4) data={'thisN': 4, 'thisTrialN': 0, 'thisRepN': 4}>
31.8658 	EXP 	Fixation: autoDraw = False
31.8658 	EXP 	grating: autoDraw = False
31.8658 	EXP 	grating: ori = np.float64(1.0)
31.8658 	EXP 	Fixation: autoDraw = True
32.0159 	EXP 	Device response: <KeyPress from None: t=31.839959166711196, value=up, duration=0.1682979166507721>
32.8492 	INFO 	Keyboard events cleared
32.8492 	EXP 	grating: autoDraw = True
32.8659 	EXP 	Fixation: autoDraw = False
33.1492 	EXP 	grating: autoDraw = False
33.2567 	DATA 	Keypress: up
33.2660 	EXP 	Device response: <KeyPress from None: t=33.252927124965936, value=up, duration=None>
33.2660 	EXP 	New trial (rep=5, index=0): <Trial 5 (0 in rep 5) data={'thisN': 5, 'thisTrialN': 0, 'thisRepN': 5}>
33.2826 	EXP 	Fixation: autoDraw = False
33.2826 	EXP 	grating: autoDraw = False
33.2826 	EXP 	grating: ori = np.float64(3.0)
33.2826 	EXP 	Fixation: autoDraw = True
33.3827 	EXP 	Device response: <KeyPress from None: t=33.252927124965936, value=up, duration=0.12833650002721697>
34.2649 	INFO 	Keyboard events cleared
34.2649 	EXP 	grating: autoDraw = True
34.2981 	EXP 	Fixation: autoDraw = False
34.5658 	EXP 	grating: autoDraw = False
34.5928 	DATA 	Keypress: up
34.5987 	EXP 	Device response: <KeyPress from None: t=34.58887633332051, value=up, duration=None>
34.5987 	EXP 	New trial (rep=6, index=0): <Trial 6 (0 in rep 6) data={'thisN': 6, 'thisTrialN': 0, 'thisRepN': 6}>
34.6149 	EXP 	Fixation: autoDraw = False
34.6149 	EXP 	grating: autoDraw = False
34.6149 	EXP 	grating: ori = np.float64(2.0)
34.6149 	EXP 	Fixation: autoDraw = True
34.6993 	EXP 	Device response: <KeyPress from None: t=34.58887633332051, value=up, duration=0.10837095836177468>
35.5980 	INFO 	Keyboard events cleared
35.5980 	EXP 	grating: autoDraw = True
35.6149 	EXP 	Fixation: autoDraw = False
35.8991 	EXP 	grating: autoDraw = False
36.4265 	DATA 	Keypress: up
36.4317 	EXP 	Device response: <KeyPress from None: t=36.42383279162459, value=up, duration=None>
36.4317 	EXP 	New trial (rep=7, index=0): <Trial 7 (0 in rep 7) data={'thisN': 7, 'thisTrialN': 0, 'thisRepN': 7}>
36.4481 	EXP 	Fixation: autoDraw = False
36.4481 	EXP 	grating: autoDraw = False
36.4481 	EXP 	grating: ori = np.float64(0.0)
36.4481 	EXP 	Fixation: autoDraw = True
36.5984 	EXP 	Device response: <KeyPress from None: t=36.42383279162459, value=up, duration=0.16431991674471647>
37.4323 	INFO 	Keyboard events cleared
37.4323 	EXP 	grating: autoDraw = True
37.4480 	EXP 	Fixation: autoDraw = False
37.7319 	EXP 	grating: autoDraw = False
37.7435 	DATA 	Keypress: up
37.7482 	EXP 	Device response: <KeyPress from None: t=37.73980441666208, value=up, duration=None>
37.7483 	EXP 	New trial (rep=8, index=0): <Trial 8 (0 in rep 8) data={'thisN': 8, 'thisTrialN': 0, 'thisRepN': 8}>
37.7650 	EXP 	Fixation: autoDraw = False
37.7650 	EXP 	grating: autoDraw = False
37.7650 	EXP 	grating: ori = np.float64(3.0)
37.7650 	EXP 	Fixation: autoDraw = True
37.8655 	EXP 	Device response: <KeyPress from None: t=37.73980441666208, value=up, duration=0.12430354161188006>
38.7492 	INFO 	Keyboard events cleared
38.7491 	EXP 	grating: autoDraw = True
38.7660 	EXP 	Fixation: autoDraw = False
39.0492 	EXP 	grating: autoDraw = False
39.2535 	DATA 	Keypress: up
39.2652 	EXP 	Device response: <KeyPress from None: t=39.250793666695245, value=up, duration=None>
39.2652 	EXP 	New trial (rep=9, index=0): <Trial 9 (0 in rep 9) data={'thisN': 9, 'thisTrialN': 0, 'thisRepN': 9}>
39.2815 	EXP 	Fixation: autoDraw = False
39.2815 	EXP 	grating: autoDraw = False
39.2815 	EXP 	grating: ori = np.float64(4.0)
39.2815 	EXP 	Fixation: autoDraw = True
39.3987 	EXP 	Device response: <KeyPress from None: t=39.250793666695245, value=up, duration=0.13228383334353566>
40.2659 	INFO 	Keyboard events cleared
40.2658 	EXP 	grating: autoDraw = True
40.2825 	EXP 	Fixation: autoDraw = False
40.5650 	EXP 	grating: autoDraw = False
41.4159 	EXP 	Device response: <KeyPress from None: t=41.41074045829009, value=down, duration=None>
41.4159 	EXP 	New trial (rep=10, index=0): <Trial 10 (0 in rep 10) data={'thisN': 10, 'thisTrialN': 0, 'thisRepN': 10}>
41.4167 	DATA 	Keypress: down
41.4326 	EXP 	Fixation: autoDraw = False
41.4326 	EXP 	grating: autoDraw = False
41.4326 	EXP 	grating: ori = np.float64(0.0)
41.4326 	EXP 	Fixation: autoDraw = True
41.5988 	EXP 	Device response: <KeyPress from None: t=41.41074045829009, value=down, duration=0.18048533331602812>
42.4158 	INFO 	Keyboard events cleared
42.4157 	EXP 	grating: autoDraw = True
42.4324 	EXP 	Fixation: autoDraw = False
42.7151 	EXP 	grating: autoDraw = False
42.9247 	DATA 	Keypress: up
42.9325 	EXP 	Device response: <KeyPress from None: t=42.92071933334228, value=up, duration=None>
42.9326 	EXP 	New trial (rep=11, index=0): <Trial 11 (0 in rep 11) data={'thisN': 11, 'thisTrialN': 0, 'thisRepN': 11}>
42.9490 	EXP 	Fixation: autoDraw = False
42.9490 	EXP 	grating: autoDraw = False
42.9490 	EXP 	grating: ori = np.float64(1.0)
42.9490 	EXP 	Fixation: autoDraw = True
43.0827 	EXP 	Device response: <KeyPress from None: t=42.92071933334228, value=up, duration=0.15229595836717635>
43.9315 	INFO 	Keyboard events cleared
43.9315 	EXP 	grating: autoDraw = True
43.9483 	EXP 	Fixation: autoDraw = False
44.2324 	EXP 	grating: autoDraw = False
44.7487 	EXP 	Device response: <KeyPress from None: t=44.74464558332693, value=up, duration=None>
44.7487 	EXP 	New trial (rep=12, index=0): <Trial 12 (0 in rep 12) data={'thisN': 12, 'thisTrialN': 0, 'thisRepN': 12}>
44.7501 	DATA 	Keypress: up
44.7649 	EXP 	Fixation: autoDraw = False
44.7649 	EXP 	grating: autoDraw = False
44.7649 	EXP 	grating: ori = np.float64(-2.0)
44.7649 	EXP 	Fixation: autoDraw = True
44.9319 	EXP 	Device response: <KeyPress from None: t=44.74464558332693, value=up, duration=0.180324999964796>
45.7490 	INFO 	Keyboard events cleared
45.7490 	EXP 	grating: autoDraw = True
45.7658 	EXP 	Fixation: autoDraw = False
46.0486 	EXP 	grating: autoDraw = False
46.1390 	DATA 	Keypress: up
46.1486 	EXP 	Device response: <KeyPress from None: t=46.135638583335094, value=up, duration=None>
46.1487 	EXP 	New trial (rep=13, index=0): <Trial 13 (0 in rep 13) data={'thisN': 13, 'thisTrialN': 0, 'thisRepN': 13}>
46.1651 	EXP 	Fixation: autoDraw = False
46.1651 	EXP 	grating: autoDraw = False
46.1651 	EXP 	grating: ori = np.float64(0.0)
46.1651 	EXP 	Fixation: autoDraw = True
46.2660 	EXP 	Device response: <KeyPress from None: t=46.135638583335094, value=up, duration=0.12844012503046542>
47.1492 	INFO 	Keyboard events cleared
47.1491 	EXP 	grating: autoDraw = True
47.1658 	EXP 	Fixation: autoDraw = False
47.4491 	EXP 	grating: autoDraw = False
47.6485 	EXP 	Device response: <KeyPress from None: t=47.643577791634016, value=up, duration=None>
47.6485 	EXP 	New trial (rep=14, index=0): <Trial 14 (0 in rep 14) data={'thisN': 14, 'thisTrialN': 0, 'thisRepN': 14}>
47.6488 	DATA 	Keypress: up
47.6651 	EXP 	Fixation: autoDraw = False
47.6651 	EXP 	grating: autoDraw = False
47.6651 	EXP 	grating: ori = np.float64(0.0)
47.6651 	EXP 	Fixation: autoDraw = True
47.7993 	EXP 	Device response: <KeyPress from None: t=47.643577791634016, value=up, duration=0.15232645836658776>
48.6480 	INFO 	Keyboard events cleared
48.6480 	EXP 	grating: autoDraw = True
48.6647 	EXP 	Fixation: autoDraw = False
48.9483 	EXP 	grating: autoDraw = False
49.4272 	DATA 	Keypress: up
49.4320 	EXP 	Device response: <KeyPress from None: t=49.42454370833002, value=up, duration=None>
49.4321 	EXP 	New trial (rep=15, index=0): <Trial 15 (0 in rep 15) data={'thisN': 15, 'thisTrialN': 0, 'thisRepN': 15}>
49.4490 	EXP 	Fixation: autoDraw = False
49.4490 	EXP 	grating: autoDraw = False
49.4490 	EXP 	grating: ori = np.float64(2.0)
49.4490 	EXP 	Fixation: autoDraw = True
49.6152 	EXP 	Device response: <KeyPress from None: t=49.42454370833002, value=up, duration=0.17630379169713706>
50.4323 	INFO 	Keyboard events cleared
50.4323 	EXP 	grating: autoDraw = True
50.4492 	EXP 	Fixation: autoDraw = False
50.7319 	EXP 	grating: autoDraw = False
50.9988 	EXP 	Device response: <KeyPress from None: t=50.997648916672915, value=down, duration=None>
50.9989 	EXP 	New trial (rep=16, index=0): <Trial 16 (0 in rep 16) data={'thisN': 16, 'thisTrialN': 0, 'thisRepN': 16}>
51.0011 	DATA 	Keypress: down
51.0152 	EXP 	Fixation: autoDraw = False
51.0152 	EXP 	grating: autoDraw = False
51.0152 	EXP 	grating: ori = np.float64(0.0)
51.0152 	EXP 	Fixation: autoDraw = True
51.1989 	EXP 	Device response: <KeyPress from None: t=50.997648916672915, value=down, duration=0.19617524999193847>
51.9991 	INFO 	Keyboard events cleared
51.9991 	EXP 	grating: autoDraw = True
52.0151 	EXP 	Fixation: autoDraw = False
52.2990 	EXP 	grating: autoDraw = False
52.7464 	DATA 	Keypress: up
52.7482 	EXP 	Device response: <KeyPress from None: t=52.74248291668482, value=up, duration=None>
52.7482 	EXP 	New trial (rep=17, index=0): <Trial 17 (0 in rep 17) data={'thisN': 17, 'thisTrialN': 0, 'thisRepN': 17}>
52.7646 	EXP 	Fixation: autoDraw = False
52.7646 	EXP 	grating: autoDraw = False
52.7646 	EXP 	grating: ori = np.float64(-3.0)
52.7646 	EXP 	Fixation: autoDraw = True
52.9326 	EXP 	Device response: <KeyPress from None: t=52.74248291668482, value=up, duration=0.1842808750225231>
53.7484 	INFO 	Keyboard events cleared
53.7484 	EXP 	grating: autoDraw = True
53.7652 	EXP 	Fixation: autoDraw = False
54.0491 	EXP 	grating: autoDraw = False
54.9132 	DATA 	Keypress: down
54.9160 	EXP 	Device response: <KeyPress from None: t=54.90943295834586, value=down, duration=None>
54.9161 	EXP 	New trial (rep=18, index=0): <Trial 18 (0 in rep 18) data={'thisN': 18, 'thisTrialN': 0, 'thisRepN': 18}>
54.9316 	EXP 	Fixation: autoDraw = False
54.9316 	EXP 	grating: autoDraw = False
54.9316 	EXP 	grating: ori = np.float64(0.0)
54.9316 	EXP 	Fixation: autoDraw = True
55.1158 	EXP 	Device response: <KeyPress from None: t=54.90943295834586, value=down, duration=0.1963069166522473>
55.9148 	INFO 	Keyboard events cleared
55.9148 	EXP 	grating: autoDraw = True
55.9316 	EXP 	Fixation: autoDraw = False
56.2157 	EXP 	grating: autoDraw = False
56.5451 	DATA 	Keypress: up
56.5481 	EXP 	Device response: <KeyPress from None: t=56.541400458314456, value=up, duration=None>
56.5481 	EXP 	New trial (rep=19, index=0): <Trial 19 (0 in rep 19) data={'thisN': 19, 'thisTrialN': 0, 'thisRepN': 19}>
56.5657 	EXP 	Fixation: autoDraw = False
56.5657 	EXP 	grating: autoDraw = False
56.5657 	EXP 	grating: ori = np.float64(0.0)
56.5657 	EXP 	Fixation: autoDraw = True
56.6989 	EXP 	Device response: <KeyPress from None: t=56.541400458314456, value=up, duration=0.14830400003120303>
57.5491 	INFO 	Keyboard events cleared
57.5491 	EXP 	grating: autoDraw = True
57.5657 	EXP 	Fixation: autoDraw = False
57.8490 	EXP 	grating: autoDraw = False
58.2382 	DATA 	Keypress: up
58.2488 	EXP 	Device response: <KeyPress from None: t=58.23234187497292, value=up, duration=None>
58.2488 	EXP 	New trial (rep=20, index=0): <Trial 20 (0 in rep 20) data={'thisN': 20, 'thisTrialN': 0, 'thisRepN': 20}>
58.2646 	EXP 	Fixation: autoDraw = False
58.2646 	EXP 	grating: autoDraw = False
58.2646 	EXP 	grating: ori = np.float64(-5.0)
58.2646 	EXP 	Fixation: autoDraw = True
58.3651 	EXP 	Device response: <KeyPress from None: t=58.23234187497292, value=up, duration=0.12032375007402152>
59.2491 	INFO 	Keyboard events cleared
59.2491 	EXP 	grating: autoDraw = True
59.2659 	EXP 	Fixation: autoDraw = False
59.5491 	EXP 	grating: autoDraw = False
59.6872 	DATA 	Keypress: down
59.6987 	EXP 	Device response: <KeyPress from None: t=59.68329337495379, value=down, duration=None>
59.6987 	EXP 	New trial (rep=21, index=0): <Trial 21 (0 in rep 21) data={'thisN': 21, 'thisTrialN': 0, 'thisRepN': 21}>
59.7151 	EXP 	Fixation: autoDraw = False
59.7151 	EXP 	grating: autoDraw = False
59.7151 	EXP 	grating: ori = np.float64(0.0)
59.7151 	EXP 	Fixation: autoDraw = True
59.8484 	EXP 	Device response: <KeyPress from None: t=59.68329337495379, value=down, duration=0.16447058331687003>
60.6988 	INFO 	Keyboard events cleared
60.6988 	EXP 	grating: autoDraw = True
60.7157 	EXP 	Fixation: autoDraw = False
60.9983 	EXP 	grating: autoDraw = False
61.4579 	DATA 	Keypress: up
61.4655 	EXP 	Device response: <KeyPress from None: t=61.45425425004214, value=up, duration=None>
61.4656 	EXP 	New trial (rep=22, index=0): <Trial 22 (0 in rep 22) data={'thisN': 22, 'thisTrialN': 0, 'thisRepN': 22}>
61.4823 	EXP 	Fixation: autoDraw = False
61.4823 	EXP 	grating: autoDraw = False
61.4823 	EXP 	grating: ori = np.float64(0.0)
61.4823 	EXP 	Fixation: autoDraw = True
61.6493 	EXP 	Device response: <KeyPress from None: t=61.45425425004214, value=up, duration=0.18433654156979173>
62.4649 	INFO 	Keyboard events cleared
62.4648 	EXP 	grating: autoDraw = True
62.4813 	EXP 	Fixation: autoDraw = False
62.7656 	EXP 	grating: autoDraw = False
62.8591 	DATA 	Keypress: up
62.8650 	EXP 	Device response: <KeyPress from None: t=62.855257375049405, value=up, duration=None>
62.8651 	EXP 	New trial (rep=23, index=0): <Trial 23 (0 in rep 23) data={'thisN': 23, 'thisTrialN': 0, 'thisRepN': 23}>
62.8818 	EXP 	Fixation: autoDraw = False
62.8818 	EXP 	grating: autoDraw = False
62.8818 	EXP 	grating: ori = np.float64(-1.0)
62.8818 	EXP 	Fixation: autoDraw = True
63.0151 	EXP 	Device response: <KeyPress from None: t=62.855257375049405, value=up, duration=0.1563027499942109>
63.8646 	INFO 	Keyboard events cleared
63.8646 	EXP 	grating: autoDraw = True
63.8818 	EXP 	Fixation: autoDraw = False
64.1655 	EXP 	grating: autoDraw = False
64.3148 	EXP 	Device response: <KeyPress from None: t=64.31021508330014, value=down, duration=None>
64.3149 	EXP 	New trial (rep=24, index=0): <Trial 24 (0 in rep 24) data={'thisN': 24, 'thisTrialN': 0, 'thisRepN': 24}>
64.3154 	DATA 	Keypress: down
64.3317 	EXP 	Fixation: autoDraw = False
64.3317 	EXP 	grating: autoDraw = False
64.3317 	EXP 	grating: ori = np.float64(0.0)
64.3317 	EXP 	Fixation: autoDraw = True
64.4819 	EXP 	Device response: <KeyPress from None: t=64.31021508330014, value=down, duration=0.16828983335290104>
65.3151 	INFO 	Keyboard events cleared
65.3150 	EXP 	grating: autoDraw = True
65.3315 	EXP 	Fixation: autoDraw = False
65.6148 	EXP 	grating: autoDraw = False
65.6206 	DATA 	Keypress: up
65.6315 	EXP 	Device response: <KeyPress from None: t=65.61720062501263, value=up, duration=None>
65.6315 	EXP 	New trial (rep=25, index=0): <Trial 25 (0 in rep 25) data={'thisN': 25, 'thisTrialN': 0, 'thisRepN': 25}>
65.6490 	EXP 	Fixation: autoDraw = False
65.6490 	EXP 	grating: autoDraw = False
65.6490 	EXP 	grating: ori = np.float64(-1.0)
65.6490 	EXP 	Fixation: autoDraw = True
65.7492 	EXP 	Device response: <KeyPress from None: t=65.61720062501263, value=up, duration=0.11624187498819083>
66.6316 	INFO 	Keyboard events cleared
66.6316 	EXP 	grating: autoDraw = True
66.6480 	EXP 	Fixation: autoDraw = False
66.9081 	DATA 	Keypress: up
66.9150 	EXP 	Device response: <KeyPress from None: t=66.90416058327537, value=up, duration=None>
66.9151 	EXP 	New trial (rep=26, index=0): <Trial 26 (0 in rep 26) data={'thisN': 26, 'thisTrialN': 0, 'thisRepN': 26}>
66.9317 	EXP 	grating: autoDraw = False
66.9317 	EXP 	Fixation: autoDraw = False
66.9317 	EXP 	grating: autoDraw = False
66.9317 	EXP 	grating: ori = np.float64(-1.0)
66.9317 	EXP 	Fixation: autoDraw = True
67.0482 	EXP 	Device response: <KeyPress from None: t=66.90416058327537, value=up, duration=0.13630516675766557>
67.9151 	INFO 	Keyboard events cleared
67.9151 	EXP 	grating: autoDraw = True
67.9316 	EXP 	Fixation: autoDraw = False
68.1652 	EXP 	Device response: <KeyPress from None: t=68.16112812503707, value=up, duration=None>
68.1653 	EXP 	New trial (rep=27, index=0): <Trial 27 (0 in rep 27) data={'thisN': 27, 'thisTrialN': 0, 'thisRepN': 27}>
68.1672 	DATA 	Keypress: up
68.1816 	EXP 	Fixation: autoDraw = False
68.1816 	EXP 	grating: autoDraw = False
68.1816 	EXP 	grating: ori = np.float64(0.0)
68.1816 	EXP 	Fixation: autoDraw = True
68.2990 	EXP 	Device response: <KeyPress from None: t=68.16112812503707, value=up, duration=0.13227141660172492>
69.1651 	INFO 	Keyboard events cleared
69.1650 	EXP 	grating: autoDraw = True
69.1824 	EXP 	Fixation: autoDraw = False
69.4648 	EXP 	grating: autoDraw = False
69.6261 	DATA 	Keypress: up
69.6316 	EXP 	Device response: <KeyPress from None: t=69.62207783327904, value=up, duration=None>
69.6317 	EXP 	New trial (rep=28, index=0): <Trial 28 (0 in rep 28) data={'thisN': 28, 'thisTrialN': 0, 'thisRepN': 28}>
69.6479 	EXP 	Fixation: autoDraw = False
69.6479 	EXP 	grating: autoDraw = False
69.6479 	EXP 	grating: ori = np.float64(0.0)
69.6479 	EXP 	Fixation: autoDraw = True
69.7659 	EXP 	Device response: <KeyPress from None: t=69.62207783327904, value=up, duration=0.13633120839949697>
70.6315 	INFO 	Keyboard events cleared
70.6315 	EXP 	grating: autoDraw = True
70.6479 	EXP 	Fixation: autoDraw = False
70.9278 	DATA 	Keypress: up
70.9314 	EXP 	grating: autoDraw = False
70.9316 	EXP 	Device response: <KeyPress from None: t=70.92406608327292, value=up, duration=None>
70.9316 	EXP 	New trial (rep=29, index=0): <Trial 29 (0 in rep 29) data={'thisN': 29, 'thisTrialN': 0, 'thisRepN': 29}>
70.9487 	EXP 	Fixation: autoDraw = False
70.9487 	EXP 	grating: autoDraw = False
70.9487 	EXP 	grating: ori = np.float64(-2.0)
70.9487 	EXP 	Fixation: autoDraw = True
71.0656 	EXP 	Device response: <KeyPress from None: t=70.92406608327292, value=up, duration=0.1363090417580679>
71.9319 	INFO 	Keyboard events cleared
71.9318 	EXP 	grating: autoDraw = True
71.9491 	EXP 	Fixation: autoDraw = False
72.2319 	EXP 	grating: autoDraw = False
72.2707 	DATA 	Keypress: down
72.2818 	EXP 	Device response: <KeyPress from None: t=72.26704416668508, value=down, duration=None>
72.2819 	EXP 	New trial (rep=30, index=0): <Trial 30 (0 in rep 30) data={'thisN': 30, 'thisTrialN': 0, 'thisRepN': 30}>
72.2980 	EXP 	Fixation: autoDraw = False
72.2980 	EXP 	grating: autoDraw = False
72.2980 	EXP 	grating: ori = np.float64(0.0)
72.2980 	EXP 	Fixation: autoDraw = True
72.4317 	EXP 	Device response: <KeyPress from None: t=72.26704416668508, value=down, duration=0.14830541668925434>
73.2824 	INFO 	Keyboard events cleared
73.2824 	EXP 	grating: autoDraw = True
73.2983 	EXP 	Fixation: autoDraw = False
73.5822 	EXP 	grating: autoDraw = False
73.8898 	DATA 	Keypress: up
73.8993 	EXP 	Device response: <KeyPress from None: t=73.8869981666794, value=up, duration=None>
73.8993 	EXP 	New trial (rep=31, index=0): <Trial 31 (0 in rep 31) data={'thisN': 31, 'thisTrialN': 0, 'thisRepN': 31}>
73.9148 	EXP 	Fixation: autoDraw = False
73.9148 	EXP 	grating: autoDraw = False
73.9148 	EXP 	grating: ori = np.float64(0.0)
73.9148 	EXP 	Fixation: autoDraw = True
74.0484 	EXP 	Device response: <KeyPress from None: t=73.8869981666794, value=up, duration=0.15228883328381926>
74.8983 	INFO 	Keyboard events cleared
74.8983 	EXP 	grating: autoDraw = True
74.9149 	EXP 	Fixation: autoDraw = False
75.1990 	EXP 	grating: autoDraw = False
75.5153 	EXP 	Device response: <KeyPress from None: t=75.5150330417091, value=down, duration=None>
75.5153 	EXP 	New trial (rep=32, index=0): <Trial 32 (0 in rep 32) data={'thisN': 32, 'thisTrialN': 0, 'thisRepN': 32}>
75.5178 	DATA 	Keypress: down
75.5318 	EXP 	Fixation: autoDraw = False
75.5318 	EXP 	grating: autoDraw = False
75.5318 	EXP 	grating: ori = np.float64(0.0)
75.5318 	EXP 	Fixation: autoDraw = True
75.7160 	EXP 	Device response: <KeyPress from None: t=75.5150330417091, value=down, duration=0.19224645826034248>
76.5149 	INFO 	Keyboard events cleared
76.5149 	EXP 	grating: autoDraw = True
76.5316 	EXP 	Fixation: autoDraw = False
76.8156 	EXP 	grating: autoDraw = False
77.0233 	DATA 	Keypress: up
77.0314 	EXP 	Device response: <KeyPress from None: t=77.01993233337998, value=up, duration=None>
77.0315 	EXP 	New trial (rep=33, index=0): <Trial 33 (0 in rep 33) data={'thisN': 33, 'thisTrialN': 0, 'thisRepN': 33}>
77.0479 	EXP 	Fixation: autoDraw = False
77.0479 	EXP 	grating: autoDraw = False
77.0479 	EXP 	grating: ori = np.float64(-2.0)
77.0479 	EXP 	Fixation: autoDraw = True
77.1657 	EXP 	Device response: <KeyPress from None: t=77.01993233337998, value=up, duration=0.1323069166392088>
78.0323 	INFO 	Keyboard events cleared
78.0323 	EXP 	grating: autoDraw = True
78.0490 	EXP 	Fixation: autoDraw = False
78.2982 	EXP 	Device response: <KeyPress from None: t=78.29290112503804, value=up, duration=None>
78.2982 	EXP 	New trial (rep=34, index=0): <Trial 34 (0 in rep 34) data={'thisN': 34, 'thisTrialN': 0, 'thisRepN': 34}>
78.2985 	DATA 	Keypress: up
78.3149 	EXP 	Fixation: autoDraw = False
78.3149 	EXP 	grating: autoDraw = False
78.3149 	EXP 	grating: ori = np.float64(0.0)
78.3149 	EXP 	Fixation: autoDraw = True
78.4486 	EXP 	Device response: <KeyPress from None: t=78.29290112503804, value=up, duration=0.14027999993413687>
79.2982 	INFO 	Keyboard events cleared
79.2982 	EXP 	grating: autoDraw = True
79.3151 	EXP 	Fixation: autoDraw = False
79.5981 	EXP 	grating: autoDraw = False
79.9727 	DATA 	Keypress: up
79.9819 	EXP 	Device response: <KeyPress from None: t=79.96884016669355, value=up, duration=None>
79.9820 	EXP 	New trial (rep=35, index=0): <Trial 35 (0 in rep 35) data={'thisN': 35, 'thisTrialN': 0, 'thisRepN': 35}>
79.9991 	EXP 	Fixation: autoDraw = False
79.9991 	EXP 	grating: autoDraw = False
79.9991 	EXP 	grating: ori = np.float64(0.0)
79.9991 	EXP 	Fixation: autoDraw = True
80.1649 	EXP 	Device response: <KeyPress from None: t=79.96884016669355, value=up, duration=0.1843065832508728>
80.9823 	INFO 	Keyboard events cleared
80.9823 	EXP 	grating: autoDraw = True
80.9990 	EXP 	Fixation: autoDraw = False
81.2823 	EXP 	grating: autoDraw = False
81.5675 	DATA 	Keypress: up
81.5815 	EXP 	Device response: <KeyPress from None: t=81.56482483330183, value=up, duration=None>
81.5815 	EXP 	New trial (rep=36, index=0): <Trial 36 (0 in rep 36) data={'thisN': 36, 'thisTrialN': 0, 'thisRepN': 36}>
81.5984 	EXP 	Fixation: autoDraw = False
81.5984 	EXP 	grating: autoDraw = False
81.5984 	EXP 	grating: ori = np.float64(0.0)
81.5984 	EXP 	Fixation: autoDraw = True
81.7491 	EXP 	Device response: <KeyPress from None: t=81.56482483330183, value=up, duration=0.17228579171933234>
82.5823 	INFO 	Keyboard events cleared
82.5823 	EXP 	grating: autoDraw = True
82.5991 	EXP 	Fixation: autoDraw = False
82.8824 	EXP 	grating: autoDraw = False
83.1819 	EXP 	Device response: <KeyPress from None: t=83.17778929171618, value=up, duration=None>
83.1820 	EXP 	New trial (rep=37, index=0): <Trial 37 (0 in rep 37) data={'thisN': 37, 'thisTrialN': 0, 'thisRepN': 37}>
83.1832 	DATA 	Keypress: up
83.1984 	EXP 	Fixation: autoDraw = False
83.1984 	EXP 	grating: autoDraw = False
83.1984 	EXP 	grating: ori = np.float64(0.0)
83.1984 	EXP 	Fixation: autoDraw = True
83.3314 	EXP 	Device response: <KeyPress from None: t=83.17778929171618, value=up, duration=0.15230862493626773>
84.1813 	INFO 	Keyboard events cleared
84.1812 	EXP 	grating: autoDraw = True
84.1990 	EXP 	Fixation: autoDraw = False
84.4822 	EXP 	grating: autoDraw = False
84.9397 	DATA 	Keypress: up
84.9481 	EXP 	Device response: <KeyPress from None: t=84.9367427083198, value=up, duration=None>
84.9482 	EXP 	New trial (rep=38, index=0): <Trial 38 (0 in rep 38) data={'thisN': 38, 'thisTrialN': 0, 'thisRepN': 38}>
84.9651 	EXP 	Fixation: autoDraw = False
84.9651 	EXP 	grating: autoDraw = False
84.9651 	EXP 	grating: ori = np.float64(0.0)
84.9651 	EXP 	Fixation: autoDraw = True
85.0992 	EXP 	Device response: <KeyPress from None: t=84.9367427083198, value=up, duration=0.15629120834637433>
85.9482 	INFO 	Keyboard events cleared
85.9482 	EXP 	grating: autoDraw = True
85.9648 	EXP 	Fixation: autoDraw = False
86.2490 	EXP 	grating: autoDraw = False
86.6574 	DATA 	Keypress: up
86.6657 	EXP 	Device response: <KeyPress from None: t=86.65368491667323, value=up, duration=None>
86.6658 	EXP 	New trial (rep=39, index=0): <Trial 39 (0 in rep 39) data={'thisN': 39, 'thisTrialN': 0, 'thisRepN': 39}>
86.6822 	EXP 	Fixation: autoDraw = False
86.6822 	EXP 	grating: autoDraw = False
86.6822 	EXP 	grating: ori = np.float64(-3.0)
86.6822 	EXP 	Fixation: autoDraw = True
86.8149 	EXP 	Device response: <KeyPress from None: t=86.65368491667323, value=up, duration=0.14832637493964285>
87.6815 	INFO 	Keyboard events cleared
87.6815 	EXP 	Fixation: autoDraw = False
87.6815 	EXP 	grating: autoDraw = True
87.9822 	EXP 	grating: autoDraw = False
88.0361 	DATA 	Keypress: up
88.0481 	EXP 	Device response: <KeyPress from None: t=88.0326543332776, value=up, duration=None>
88.0482 	EXP 	New trial (rep=40, index=0): <Trial 40 (0 in rep 40) data={'thisN': 40, 'thisTrialN': 0, 'thisRepN': 40}>
88.0645 	EXP 	Fixation: autoDraw = False
88.0645 	EXP 	grating: autoDraw = False
88.0645 	EXP 	grating: ori = np.float64(2.0)
88.0645 	EXP 	Fixation: autoDraw = True
88.1317 	EXP 	Device response: <KeyPress from None: t=88.0326543332776, value=up, duration=0.09632712509483099>
89.0490 	INFO 	Keyboard events cleared
89.0489 	EXP 	grating: autoDraw = True
89.0654 	EXP 	Fixation: autoDraw = False
89.3483 	EXP 	grating: autoDraw = False
89.9767 	DATA 	Keypress: down
89.9826 	EXP 	Device response: <KeyPress from None: t=89.97262758330908, value=down, duration=None>
89.9827 	EXP 	New trial (rep=41, index=0): <Trial 41 (0 in rep 41) data={'thisN': 41, 'thisTrialN': 0, 'thisRepN': 41}>
89.9984 	EXP 	Fixation: autoDraw = False
89.9984 	EXP 	grating: autoDraw = False
89.9984 	EXP 	grating: ori = np.float64(3.0)
89.9984 	EXP 	Fixation: autoDraw = True
90.1814 	EXP 	Device response: <KeyPress from None: t=89.97262758330908, value=down, duration=0.19240058329887688>
90.9823 	INFO 	Keyboard events cleared
90.9823 	EXP 	grating: autoDraw = True
90.9989 	EXP 	Fixation: autoDraw = False
91.2816 	EXP 	grating: autoDraw = False
91.7779 	DATA 	Keypress: down
91.7825 	EXP 	Device response: <KeyPress from None: t=91.774569958332, value=down, duration=None>
91.7825 	EXP 	New trial (rep=42, index=0): <Trial 42 (0 in rep 42) data={'thisN': 42, 'thisTrialN': 0, 'thisRepN': 42}>
91.7979 	EXP 	Fixation: autoDraw = False
91.7979 	EXP 	grating: autoDraw = False
91.7979 	EXP 	grating: ori = np.float64(-5.0)
91.7979 	EXP 	Fixation: autoDraw = True
91.8318 	EXP 	Device response: <KeyPress from None: t=91.83073775004596, value=up, duration=None>
91.8342 	DATA 	Keypress: up
91.9657 	EXP 	Device response: <KeyPress from None: t=91.83073775004596, value=up, duration=0.11984991666395217>
91.9823 	EXP 	Device response: <KeyPress from None: t=91.774569958332, value=down, duration=0.20031679165549576>
92.7823 	INFO 	Keyboard events cleared
92.7822 	EXP 	grating: autoDraw = True
92.7983 	EXP 	Fixation: autoDraw = False
93.0810 	EXP 	grating: autoDraw = False
93.5242 	DATA 	Keypress: down
93.5320 	EXP 	Device response: <KeyPress from None: t=93.52153133333195, value=down, duration=None>
93.5320 	EXP 	New trial (rep=43, index=0): <Trial 43 (0 in rep 43) data={'thisN': 43, 'thisTrialN': 0, 'thisRepN': 43}>
93.5479 	EXP 	Fixation: autoDraw = False
93.5479 	EXP 	grating: autoDraw = False
93.5479 	EXP 	grating: ori = np.float64(1.0)
93.5479 	EXP 	Fixation: autoDraw = True
93.6993 	EXP 	Device response: <KeyPress from None: t=93.52153133333195, value=down, duration=0.168333875015378>
94.5324 	INFO 	Keyboard events cleared
94.5323 	EXP 	grating: autoDraw = True
94.5490 	EXP 	Fixation: autoDraw = False
94.8323 	EXP 	grating: autoDraw = False
95.1820 	EXP 	Device response: <KeyPress from None: t=95.17950616660528, value=down, duration=None>
95.1820 	EXP 	New trial (rep=44, index=0): <Trial 44 (0 in rep 44) data={'thisN': 44, 'thisTrialN': 0, 'thisRepN': 44}>
95.1848 	DATA 	Keypress: down
95.1981 	EXP 	Fixation: autoDraw = False
95.1981 	EXP 	grating: autoDraw = False
95.1981 	EXP 	grating: ori = np.float64(-4.0)
95.1981 	EXP 	Fixation: autoDraw = True
95.3484 	EXP 	Device response: <KeyPress from None: t=95.17950616660528, value=down, duration=0.16846462502144277>
96.1822 	INFO 	Keyboard events cleared
96.1821 	EXP 	grating: autoDraw = True
96.1988 	EXP 	Fixation: autoDraw = False
96.4821 	EXP 	grating: autoDraw = False
96.9023 	DATA 	Keypress: down
96.9158 	EXP 	Device response: <KeyPress from None: t=96.89944579161238, value=down, duration=None>
96.9158 	EXP 	New trial (rep=45, index=0): <Trial 45 (0 in rep 45) data={'thisN': 45, 'thisTrialN': 0, 'thisRepN': 45}>
96.9324 	EXP 	Fixation: autoDraw = False
96.9324 	EXP 	grating: autoDraw = False
96.9324 	EXP 	grating: ori = np.float64(-3.0)
96.9324 	EXP 	Fixation: autoDraw = True
96.9814 	EXP 	Device response: <KeyPress from None: t=96.89944579161238, value=down, duration=0.07633012509904802>
97.0226 	DATA 	Keypress: down
97.0325 	EXP 	Device response: <KeyPress from None: t=97.01946920831688, value=down, duration=None>
97.0488 	EXP 	Device response: <KeyPress from None: t=97.01946920831688, value=down, duration=0.01630520832259208>
97.9312 	INFO 	Keyboard events cleared
97.9312 	EXP 	grating: autoDraw = True
97.9490 	EXP 	Fixation: autoDraw = False
98.2314 	EXP 	grating: autoDraw = False
98.9854 	DATA 	Keypress: up
98.9985 	EXP 	Device response: <KeyPress from None: t=98.98240133328363, value=up, duration=None>
98.9986 	EXP 	New trial (rep=46, index=0): <Trial 46 (0 in rep 46) data={'thisN': 46, 'thisTrialN': 0, 'thisRepN': 46}>
99.0145 	EXP 	Fixation: autoDraw = False
99.0145 	EXP 	grating: autoDraw = False
99.0145 	EXP 	grating: ori = np.float64(-2.0)
99.0145 	EXP 	Fixation: autoDraw = True
99.1151 	EXP 	Device response: <KeyPress from None: t=98.98240133328363, value=up, duration=0.12431858340278268>
99.9990 	INFO 	Keyboard events cleared
99.9989 	EXP 	grating: autoDraw = True
100.0156 	EXP 	Fixation: autoDraw = False
100.2988 	EXP 	grating: autoDraw = False
100.5622 	DATA 	Keypress: down
100.5649 	EXP 	Device response: <KeyPress from None: t=100.55838874995243, value=down, duration=None>
100.5650 	EXP 	New trial (rep=47, index=0): <Trial 47 (0 in rep 47) data={'thisN': 47, 'thisTrialN': 0, 'thisRepN': 47}>
100.5817 	EXP 	Fixation: autoDraw = False
100.5817 	EXP 	grating: autoDraw = False
100.5817 	EXP 	grating: ori = np.float64(-5.0)
100.5817 	EXP 	Fixation: autoDraw = True
100.7319 	EXP 	Device response: <KeyPress from None: t=100.55838874995243, value=down, duration=0.1602758333319798>
101.5647 	INFO 	Keyboard events cleared
101.5647 	EXP 	grating: autoDraw = True
101.5819 	EXP 	Fixation: autoDraw = False
101.8655 	EXP 	grating: autoDraw = False
102.0823 	EXP 	Device response: <KeyPress from None: t=102.08037258335389, value=down, duration=None>
102.0824 	EXP 	New trial (rep=48, index=0): <Trial 48 (0 in rep 48) data={'thisN': 48, 'thisTrialN': 0, 'thisRepN': 48}>
102.0840 	DATA 	Keypress: down
102.0982 	EXP 	Fixation: autoDraw = False
102.0982 	EXP 	grating: autoDraw = False
102.0982 	EXP 	grating: ori = np.float64(0.0)
102.0982 	EXP 	Fixation: autoDraw = True
102.2482 	EXP 	Device response: <KeyPress from None: t=102.08037258335389, value=down, duration=0.16425733326468617>
103.0823 	INFO 	Keyboard events cleared
103.0822 	EXP 	grating: autoDraw = True
103.0983 	EXP 	Fixation: autoDraw = False
103.3814 	EXP 	grating: autoDraw = False
103.4445 	DATA 	Keypress: down
103.4480 	EXP 	Device response: <KeyPress from None: t=103.44131558330264, value=down, duration=None>
103.4481 	EXP 	New trial (rep=49, index=0): <Trial 49 (0 in rep 49) data={'thisN': 49, 'thisTrialN': 0, 'thisRepN': 49}>
103.4648 	EXP 	Fixation: autoDraw = False
103.4648 	EXP 	grating: autoDraw = False
103.4648 	EXP 	grating: ori = np.float64(0.0)
103.4648 	EXP 	Fixation: autoDraw = True
103.5981 	EXP 	Device response: <KeyPress from None: t=103.44131558330264, value=down, duration=0.15646429173648357>
104.4484 	INFO 	Keyboard events cleared
104.4484 	EXP 	grating: autoDraw = True
104.4650 	EXP 	Fixation: autoDraw = False
104.7480 	EXP 	grating: autoDraw = False
104.9150 	EXP 	Device response: <KeyPress from None: t=104.91232799994759, value=up, duration=None>
104.9150 	EXP 	New trial (rep=50, index=0): <Trial 50 (0 in rep 50) data={'thisN': 50, 'thisTrialN': 0, 'thisRepN': 50}>
104.9174 	DATA 	Keypress: up
104.9317 	EXP 	Fixation: autoDraw = False
104.9317 	EXP 	grating: autoDraw = False
104.9317 	EXP 	grating: ori = np.float64(-2.0)
104.9317 	EXP 	Fixation: autoDraw = True
105.0649 	EXP 	Device response: <KeyPress from None: t=104.91232799994759, value=up, duration=0.15227300010155886>
105.9148 	INFO 	Keyboard events cleared
105.9148 	EXP 	grating: autoDraw = True
105.9313 	EXP 	Fixation: autoDraw = False
106.2146 	EXP 	grating: autoDraw = False
106.4380 	DATA 	Keypress: up
106.4483 	EXP 	Device response: <KeyPress from None: t=106.43522770830896, value=up, duration=None>
106.4484 	EXP 	New trial (rep=51, index=0): <Trial 51 (0 in rep 51) data={'thisN': 51, 'thisTrialN': 0, 'thisRepN': 51}>
106.4648 	EXP 	Fixation: autoDraw = False
106.4648 	EXP 	grating: autoDraw = False
106.4648 	EXP 	grating: ori = np.float64(0.0)
106.4648 	EXP 	Fixation: autoDraw = True
106.6148 	EXP 	Device response: <KeyPress from None: t=106.43522770830896, value=up, duration=0.17232316674198955>
107.4489 	INFO 	Keyboard events cleared
107.4488 	EXP 	grating: autoDraw = True
107.4655 	EXP 	Fixation: autoDraw = False
107.7491 	EXP 	grating: autoDraw = False
107.9984 	EXP 	Device response: <KeyPress from None: t=107.99819887499325, value=up, duration=None>
107.9985 	EXP 	New trial (rep=52, index=0): <Trial 52 (0 in rep 52) data={'thisN': 52, 'thisTrialN': 0, 'thisRepN': 52}>
108.0012 	DATA 	Keypress: up
108.0149 	EXP 	Fixation: autoDraw = False
108.0149 	EXP 	grating: autoDraw = False
108.0149 	EXP 	grating: ori = np.float64(3.0)
108.0149 	EXP 	Fixation: autoDraw = True
108.1818 	EXP 	Device response: <KeyPress from None: t=107.99819887499325, value=up, duration=0.16829800000414252>
108.9978 	INFO 	Keyboard events cleared
108.9977 	EXP 	grating: autoDraw = True
109.0148 	EXP 	Fixation: autoDraw = False
109.2990 	EXP 	grating: autoDraw = False
109.5767 	DATA 	Keypress: down
109.5818 	EXP 	Device response: <KeyPress from None: t=109.57316320831887, value=down, duration=None>
109.5819 	EXP 	New trial (rep=53, index=0): <Trial 53 (0 in rep 53) data={'thisN': 53, 'thisTrialN': 0, 'thisRepN': 53}>
109.5982 	EXP 	Fixation: autoDraw = False
109.5982 	EXP 	grating: autoDraw = False
109.5982 	EXP 	grating: ori = np.float64(0.0)
109.5982 	EXP 	Fixation: autoDraw = True
109.8149 	EXP 	Device response: <KeyPress from None: t=109.57316320831887, value=down, duration=0.23231150000356138>
110.5811 	INFO 	Keyboard events cleared
110.5811 	EXP 	grating: autoDraw = True
110.5980 	EXP 	Fixation: autoDraw = False
110.8811 	EXP 	grating: autoDraw = False
111.2909 	DATA 	Keypress: up
111.2986 	EXP 	Device response: <KeyPress from None: t=111.28712191665545, value=up, duration=None>
111.2986 	EXP 	New trial (rep=54, index=0): <Trial 54 (0 in rep 54) data={'thisN': 54, 'thisTrialN': 0, 'thisRepN': 54}>
111.3156 	EXP 	Fixation: autoDraw = False
111.3156 	EXP 	grating: autoDraw = False
111.3156 	EXP 	grating: ori = np.float64(0.0)
111.3156 	EXP 	Fixation: autoDraw = True
111.4483 	EXP 	Device response: <KeyPress from None: t=111.28712191665545, value=up, duration=0.15231679170392454>
112.2981 	INFO 	Keyboard events cleared
112.2980 	EXP 	grating: autoDraw = True
112.3146 	EXP 	Fixation: autoDraw = False
112.5989 	EXP 	grating: autoDraw = False
113.3228 	DATA 	Keypress: up
113.3313 	EXP 	Device response: <KeyPress from None: t=113.3190768333152, value=up, duration=None>
113.3313 	EXP 	New trial (rep=55, index=0): <Trial 55 (0 in rep 55) data={'thisN': 55, 'thisTrialN': 0, 'thisRepN': 55}>
113.3489 	EXP 	Fixation: autoDraw = False
113.3489 	EXP 	grating: autoDraw = False
113.3489 	EXP 	grating: ori = np.float64(1.0)
113.3489 	EXP 	Fixation: autoDraw = True
113.4984 	EXP 	Device response: <KeyPress from None: t=113.3190768333152, value=up, duration=0.16829304164275527>
114.3312 	INFO 	Keyboard events cleared
114.3312 	EXP 	grating: autoDraw = True
114.3649 	EXP 	Fixation: autoDraw = False
114.6312 	EXP 	grating: autoDraw = False
114.7397 	DATA 	Keypress: down
114.7481 	EXP 	Device response: <KeyPress from None: t=114.7370427083224, value=down, duration=None>
114.7481 	EXP 	New trial (rep=56, index=0): <Trial 56 (0 in rep 56) data={'thisN': 56, 'thisTrialN': 0, 'thisRepN': 56}>
114.7655 	EXP 	Fixation: autoDraw = False
114.7655 	EXP 	grating: autoDraw = False
114.7655 	EXP 	grating: ori = np.float64(4.0)
114.7655 	EXP 	Fixation: autoDraw = True
114.8980 	EXP 	Device response: <KeyPress from None: t=114.7370427083224, value=down, duration=0.15231379168108106>
115.7490 	INFO 	Keyboard events cleared
115.7489 	EXP 	grating: autoDraw = True
115.7656 	EXP 	Fixation: autoDraw = False
116.0483 	EXP 	grating: autoDraw = False
116.2628 	DATA 	Keypress: down
116.2655 	EXP 	Device response: <KeyPress from None: t=116.25902020838112, value=down, duration=None>
116.2655 	EXP 	New trial (rep=57, index=0): <Trial 57 (0 in rep 57) data={'thisN': 57, 'thisTrialN': 0, 'thisRepN': 57}>
116.2814 	EXP 	Fixation: autoDraw = False
116.2814 	EXP 	grating: autoDraw = False
116.2814 	EXP 	grating: ori = np.float64(1.0)
116.2814 	EXP 	Fixation: autoDraw = True
116.4491 	EXP 	Device response: <KeyPress from None: t=116.25902020838112, value=down, duration=0.17630349996034056>
117.2648 	INFO 	Keyboard events cleared
117.2648 	EXP 	grating: autoDraw = True
117.2816 	EXP 	Fixation: autoDraw = False
117.5645 	EXP 	grating: autoDraw = False
117.6907 	DATA 	Keypress: down
117.6981 	EXP 	Device response: <KeyPress from None: t=117.68698491668329, value=down, duration=None>
117.6981 	EXP 	New trial (rep=58, index=0): <Trial 58 (0 in rep 58) data={'thisN': 58, 'thisTrialN': 0, 'thisRepN': 58}>
117.7148 	EXP 	Fixation: autoDraw = False
117.7148 	EXP 	grating: autoDraw = False
117.7148 	EXP 	grating: ori = np.float64(0.0)
117.7148 	EXP 	Fixation: autoDraw = True
117.8816 	EXP 	Device response: <KeyPress from None: t=117.68698491668329, value=down, duration=0.18030158325564116>
118.6978 	INFO 	Keyboard events cleared
118.6978 	EXP 	grating: autoDraw = True
118.7146 	EXP 	Fixation: autoDraw = False
118.9977 	EXP 	grating: autoDraw = False
119.4362 	DATA 	Keypress: up
119.4483 	EXP 	Device response: <KeyPress from None: t=119.43292225000914, value=up, duration=None>
119.4484 	EXP 	New trial (rep=59, index=0): <Trial 59 (0 in rep 59) data={'thisN': 59, 'thisTrialN': 0, 'thisRepN': 59}>
119.4648 	EXP 	Fixation: autoDraw = False
119.4648 	EXP 	grating: autoDraw = False
119.4648 	EXP 	grating: ori = np.float64(0.0)
119.4648 	EXP 	Fixation: autoDraw = True
119.5983 	EXP 	Device response: <KeyPress from None: t=119.43292225000914, value=up, duration=0.15232258336618543>
120.4490 	INFO 	Keyboard events cleared
120.4489 	EXP 	grating: autoDraw = True
120.4655 	EXP 	Fixation: autoDraw = False
120.7489 	EXP 	grating: autoDraw = False
121.0238 	DATA 	Keypress: up
121.0313 	EXP 	Device response: <KeyPress from None: t=121.02100824995432, value=up, duration=None>
121.0313 	EXP 	New trial (rep=60, index=0): <Trial 60 (0 in rep 60) data={'thisN': 60, 'thisTrialN': 0, 'thisRepN': 60}>
121.0478 	EXP 	Fixation: autoDraw = False
121.0478 	EXP 	grating: autoDraw = False
121.0478 	EXP 	grating: ori = np.float64(0.0)
121.0478 	EXP 	Fixation: autoDraw = True
121.1648 	EXP 	Device response: <KeyPress from None: t=121.02100824995432, value=up, duration=0.1401977917412296>
122.0323 	INFO 	Keyboard events cleared
122.0322 	EXP 	grating: autoDraw = True
122.0481 	EXP 	Fixation: autoDraw = False
122.3317 	EXP 	grating: autoDraw = False
122.7885 	DATA 	Keypress: up
122.7985 	EXP 	Device response: <KeyPress from None: t=122.78584300004877, value=up, duration=None>
122.7986 	EXP 	New trial (rep=61, index=0): <Trial 61 (0 in rep 61) data={'thisN': 61, 'thisTrialN': 0, 'thisRepN': 61}>
122.8155 	EXP 	Fixation: autoDraw = False
122.8155 	EXP 	grating: autoDraw = False
122.8155 	EXP 	grating: ori = np.float64(0.0)
122.8155 	EXP 	Fixation: autoDraw = True
122.9485 	EXP 	Device response: <KeyPress from None: t=122.78584300004877, value=up, duration=0.14832749997731298>
123.7988 	INFO 	Keyboard events cleared
123.7987 	EXP 	grating: autoDraw = True
123.8150 	EXP 	Fixation: autoDraw = False
124.0986 	EXP 	grating: autoDraw = False
124.2954 	DATA 	Keypress: up
124.2980 	EXP 	Device response: <KeyPress from None: t=124.29181108332705, value=up, duration=None>
124.2980 	EXP 	New trial (rep=62, index=0): <Trial 62 (0 in rep 62) data={'thisN': 62, 'thisTrialN': 0, 'thisRepN': 62}>
124.3145 	EXP 	Fixation: autoDraw = False
124.3145 	EXP 	grating: autoDraw = False
124.3145 	EXP 	grating: ori = np.float64(2.0)
124.3145 	EXP 	Fixation: autoDraw = True
124.4813 	EXP 	Device response: <KeyPress from None: t=124.29181108332705, value=up, duration=0.1803212083177641>
125.2982 	INFO 	Keyboard events cleared
125.2982 	EXP 	grating: autoDraw = True
125.3148 	EXP 	Fixation: autoDraw = False
125.5987 	EXP 	grating: autoDraw = False
125.7797 	DATA 	Keypress: down
125.7826 	EXP 	Device response: <KeyPress from None: t=125.77579066669568, value=down, duration=None>
125.7826 	EXP 	New trial (rep=63, index=0): <Trial 63 (0 in rep 63) data={'thisN': 63, 'thisTrialN': 0, 'thisRepN': 63}>
125.7989 	EXP 	Fixation: autoDraw = False
125.7989 	EXP 	grating: autoDraw = False
125.7989 	EXP 	grating: ori = np.float64(-3.0)
125.7989 	EXP 	Fixation: autoDraw = True
125.9824 	EXP 	Device response: <KeyPress from None: t=125.77579066669568, value=down, duration=0.19228887499775738>
126.7981 	INFO 	Keyboard events cleared
126.7981 	EXP 	grating: autoDraw = True
126.8147 	EXP 	Fixation: autoDraw = False
127.0982 	EXP 	grating: autoDraw = False
127.2391 	DATA 	Keypress: down
127.2479 	EXP 	Device response: <KeyPress from None: t=127.23575462494045, value=down, duration=None>
127.2480 	EXP 	New trial (rep=64, index=0): <Trial 64 (0 in rep 64) data={'thisN': 64, 'thisTrialN': 0, 'thisRepN': 64}>
127.2649 	EXP 	Fixation: autoDraw = False
127.2649 	EXP 	grating: autoDraw = False
127.2649 	EXP 	grating: ori = np.float64(2.0)
127.2649 	EXP 	Fixation: autoDraw = True
127.3816 	EXP 	Device response: <KeyPress from None: t=127.23575462494045, value=down, duration=0.13631154177710414>
128.2486 	INFO 	Keyboard events cleared
128.2486 	EXP 	grating: autoDraw = True
128.2648 	EXP 	Fixation: autoDraw = False
128.5482 	EXP 	grating: autoDraw = False
128.7184 	DATA 	Keypress: down
128.7312 	EXP 	Device response: <KeyPress from None: t=128.71570287505165, value=down, duration=None>
128.7312 	EXP 	New trial (rep=65, index=0): <Trial 65 (0 in rep 65) data={'thisN': 65, 'thisTrialN': 0, 'thisRepN': 65}>
128.7478 	EXP 	Fixation: autoDraw = False
128.7478 	EXP 	grating: autoDraw = False
128.7478 	EXP 	grating: ori = np.float64(-1.0)
128.7478 	EXP 	Fixation: autoDraw = True
128.8812 	EXP 	Device response: <KeyPress from None: t=128.71570287505165, value=down, duration=0.16033466660883278>
129.7312 	INFO 	Keyboard events cleared
129.7311 	EXP 	grating: autoDraw = True
129.7479 	EXP 	Fixation: autoDraw = False
130.0321 	EXP 	grating: autoDraw = False
133.4823 	EXP 	Device response: <KeyPress from None: t=133.48178366664797, value=up, duration=None>
133.4823 	EXP 	New trial (rep=66, index=0): <Trial 66 (0 in rep 66) data={'thisN': 66, 'thisTrialN': 0, 'thisRepN': 66}>
133.4849 	DATA 	Keypress: up
133.4981 	EXP 	Fixation: autoDraw = False
133.4981 	EXP 	grating: autoDraw = False
133.4981 	EXP 	grating: ori = np.float64(0.0)
133.4981 	EXP 	Fixation: autoDraw = True
133.6317 	EXP 	Device response: <KeyPress from None: t=133.48178366664797, value=up, duration=0.13432962505612522>
134.4820 	INFO 	Keyboard events cleared
134.4820 	EXP 	grating: autoDraw = True
134.4987 	EXP 	Fixation: autoDraw = False
134.7811 	EXP 	grating: autoDraw = False
135.2356 	DATA 	Keypress: up
135.2480 	EXP 	Device response: <KeyPress from None: t=135.2327670416562, value=up, duration=None>
135.2480 	EXP 	New trial (rep=67, index=0): <Trial 67 (0 in rep 67) data={'thisN': 67, 'thisTrialN': 0, 'thisRepN': 67}>
135.2643 	EXP 	Fixation: autoDraw = False
135.2643 	EXP 	grating: autoDraw = False
135.2643 	EXP 	grating: ori = np.float64(4.0)
135.2643 	EXP 	Fixation: autoDraw = True
135.3822 	EXP 	Device response: <KeyPress from None: t=135.2327670416562, value=up, duration=0.14032366662286222>
136.2481 	INFO 	Keyboard events cleared
136.2481 	EXP 	grating: autoDraw = True
136.2644 	EXP 	Fixation: autoDraw = False
136.5483 	EXP 	grating: autoDraw = False
137.7714 	DATA 	Keypress: down
137.7822 	EXP 	Device response: <KeyPress from None: t=137.7677129167132, value=down, duration=None>
137.7823 	EXP 	New trial (rep=68, index=0): <Trial 68 (0 in rep 68) data={'thisN': 68, 'thisTrialN': 0, 'thisRepN': 68}>
137.7987 	EXP 	Fixation: autoDraw = False
137.7987 	EXP 	grating: autoDraw = False
137.7987 	EXP 	grating: ori = np.float64(0.0)
137.7987 	EXP 	Fixation: autoDraw = True
137.8984 	EXP 	Device response: <KeyPress from None: t=137.7677129167132, value=down, duration=0.12831249996088445>
138.7822 	INFO 	Keyboard events cleared
138.7821 	EXP 	grating: autoDraw = True
138.7988 	EXP 	Fixation: autoDraw = False
139.0982 	EXP 	grating: autoDraw = False
140.1657 	EXP 	Device response: <KeyPress from None: t=140.16539541666862, value=up, duration=None>
140.1658 	EXP 	New trial (rep=69, index=0): <Trial 69 (0 in rep 69) data={'thisN': 69, 'thisTrialN': 0, 'thisRepN': 69}>
140.1681 	DATA 	Keypress: up
140.1815 	EXP 	Fixation: autoDraw = False
140.1815 	EXP 	grating: autoDraw = False
140.1815 	EXP 	grating: ori = np.float64(0.0)
140.1815 	EXP 	Fixation: autoDraw = True
140.2989 	EXP 	Device response: <KeyPress from None: t=140.16539541666862, value=up, duration=0.13176383334212005>
141.1654 	INFO 	Keyboard events cleared
141.1654 	EXP 	grating: autoDraw = True
141.1815 	EXP 	Fixation: autoDraw = False
141.4645 	EXP 	grating: autoDraw = False
141.8712 	DATA 	Keypress: up
141.8812 	EXP 	Device response: <KeyPress from None: t=141.86761358333752, value=up, duration=None>
141.8813 	EXP 	New trial (rep=70, index=0): <Trial 70 (0 in rep 70) data={'thisN': 70, 'thisTrialN': 0, 'thisRepN': 70}>
141.8980 	EXP 	Fixation: autoDraw = False
141.8980 	EXP 	grating: autoDraw = False
141.8980 	EXP 	grating: ori = np.float64(0.0)
141.8980 	EXP 	Fixation: autoDraw = True
142.0312 	EXP 	Device response: <KeyPress from None: t=141.86761358333752, value=up, duration=0.15631858329288661>
142.8814 	INFO 	Keyboard events cleared
142.8814 	EXP 	grating: autoDraw = True
142.8980 	EXP 	Fixation: autoDraw = False
143.1814 	EXP 	grating: autoDraw = False
147.0813 	EXP 	Device response: <KeyPress from None: t=147.07691866671667, value=up, duration=None>
147.0813 	EXP 	New trial (rep=71, index=0): <Trial 71 (0 in rep 71) data={'thisN': 71, 'thisTrialN': 0, 'thisRepN': 71}>
147.0817 	DATA 	Keypress: up
147.0985 	EXP 	Fixation: autoDraw = False
147.0985 	EXP 	grating: autoDraw = False
147.0985 	EXP 	grating: ori = np.float64(0.0)
147.0985 	EXP 	Fixation: autoDraw = True
147.2155 	EXP 	Device response: <KeyPress from None: t=147.07691866671667, value=up, duration=0.12632574990857393>
148.0813 	INFO 	Keyboard events cleared
148.0813 	EXP 	grating: autoDraw = True
148.0983 	EXP 	Fixation: autoDraw = False
148.3822 	EXP 	grating: autoDraw = False
148.7101 	DATA 	Keypress: up
148.7150 	EXP 	Device response: <KeyPress from None: t=148.70592333329841, value=up, duration=None>
148.7150 	EXP 	New trial (rep=72, index=0): <Trial 72 (0 in rep 72) data={'thisN': 72, 'thisTrialN': 0, 'thisRepN': 72}>
148.7311 	EXP 	Fixation: autoDraw = False
148.7311 	EXP 	grating: autoDraw = False
148.7311 	EXP 	grating: ori = np.float64(-4.0)
148.7311 	EXP 	Fixation: autoDraw = True
148.8989 	EXP 	Device response: <KeyPress from None: t=148.70592333329841, value=up, duration=0.1843023750698194>
149.7147 	INFO 	Keyboard events cleared
149.7147 	EXP 	grating: autoDraw = True
149.7315 	EXP 	Fixation: autoDraw = False
150.0147 	EXP 	grating: autoDraw = False
150.4981 	EXP 	Device response: <KeyPress from None: t=150.49488379165996, value=down, duration=None>
150.4981 	EXP 	New trial (rep=73, index=0): <Trial 73 (0 in rep 73) data={'thisN': 73, 'thisTrialN': 0, 'thisRepN': 73}>
150.4996 	DATA 	Keypress: down
150.5144 	EXP 	Fixation: autoDraw = False
150.5144 	EXP 	grating: autoDraw = False
150.5144 	EXP 	grating: ori = np.float64(0.0)
150.5144 	EXP 	Fixation: autoDraw = True
150.5480 	EXP 	Device response: <KeyPress from None: t=150.5470434166491, value=up, duration=None>
150.5505 	DATA 	Keypress: up
150.6154 	EXP 	Device response: <KeyPress from None: t=150.5470434166491, value=up, duration=0.055828041629865766>
150.6479 	EXP 	Device response: <KeyPress from None: t=150.49488379165996, value=down, duration=0.14427795831579715>
151.4989 	INFO 	Keyboard events cleared
151.4988 	EXP 	grating: autoDraw = True
151.5148 	EXP 	Fixation: autoDraw = False
151.7982 	EXP 	grating: autoDraw = False
152.4085 	DATA 	Keypress: up
152.4150 	EXP 	Device response: <KeyPress from None: t=152.40583537495695, value=up, duration=None>
152.4150 	EXP 	New trial (rep=74, index=0): <Trial 74 (0 in rep 74) data={'thisN': 74, 'thisTrialN': 0, 'thisRepN': 74}>
152.4321 	EXP 	Fixation: autoDraw = False
152.4321 	EXP 	grating: autoDraw = False
152.4321 	EXP 	grating: ori = np.float64(2.0)
152.4321 	EXP 	Fixation: autoDraw = True
152.5314 	EXP 	Device response: <KeyPress from None: t=152.40583537495695, value=up, duration=0.12028870836365968>
153.4148 	INFO 	Keyboard events cleared
153.4148 	EXP 	grating: autoDraw = True
153.4319 	EXP 	Fixation: autoDraw = False
153.7147 	EXP 	grating: autoDraw = False
153.8196 	DATA 	Keypress: down
153.8312 	EXP 	Device response: <KeyPress from None: t=153.8167829583399, value=down, duration=None>
153.8312 	EXP 	New trial (rep=75, index=0): <Trial 75 (0 in rep 75) data={'thisN': 75, 'thisTrialN': 0, 'thisRepN': 75}>
153.8480 	EXP 	Fixation: autoDraw = False
153.8480 	EXP 	grating: autoDraw = False
153.8480 	EXP 	grating: ori = np.float64(0.0)
153.8480 	EXP 	Fixation: autoDraw = True
153.9811 	EXP 	Device response: <KeyPress from None: t=153.8167829583399, value=down, duration=0.1562992916442454>
154.8310 	INFO 	Keyboard events cleared
154.8310 	EXP 	grating: autoDraw = True
154.8477 	EXP 	Fixation: autoDraw = False
155.1314 	EXP 	grating: autoDraw = False
155.5285 	DATA 	Keypress: up
155.5323 	EXP 	Device response: <KeyPress from None: t=155.5247577499831, value=up, duration=None>
155.5323 	EXP 	New trial (rep=76, index=0): <Trial 76 (0 in rep 76) data={'thisN': 76, 'thisTrialN': 0, 'thisRepN': 76}>
155.5479 	EXP 	Fixation: autoDraw = False
155.5479 	EXP 	grating: autoDraw = False
155.5479 	EXP 	grating: ori = np.float64(3.0)
155.5479 	EXP 	Fixation: autoDraw = True
155.6822 	EXP 	Device response: <KeyPress from None: t=155.5247577499831, value=up, duration=0.15631250001024455>
156.5479 	INFO 	Keyboard events cleared
156.5478 	EXP 	Fixation: autoDraw = False
156.5478 	EXP 	grating: autoDraw = True
156.8487 	EXP 	grating: autoDraw = False
157.2815 	EXP 	Device response: <KeyPress from None: t=157.2777238333365, value=down, duration=None>
157.2815 	EXP 	New trial (rep=77, index=0): <Trial 77 (0 in rep 77) data={'thisN': 77, 'thisTrialN': 0, 'thisRepN': 77}>
157.2827 	DATA 	Keypress: down
157.2977 	EXP 	Fixation: autoDraw = False
157.2977 	EXP 	grating: autoDraw = False
157.2977 	EXP 	grating: ori = np.float64(-4.0)
157.2977 	EXP 	Fixation: autoDraw = True
157.4478 	EXP 	Device response: <KeyPress from None: t=157.2777238333365, value=down, duration=0.16427774995099753>
158.2819 	INFO 	Keyboard events cleared
158.2819 	EXP 	grating: autoDraw = True
158.2979 	EXP 	Fixation: autoDraw = False
158.5820 	EXP 	grating: autoDraw = False
159.2754 	DATA 	Keypress: up
159.2816 	EXP 	Device response: <KeyPress from None: t=159.2726719166385, value=up, duration=None>
159.2817 	EXP 	New trial (rep=78, index=0): <Trial 78 (0 in rep 78) data={'thisN': 78, 'thisTrialN': 0, 'thisRepN': 78}>
159.2979 	EXP 	Fixation: autoDraw = False
159.2979 	EXP 	grating: autoDraw = False
159.2979 	EXP 	grating: ori = np.float64(-5.0)
159.2979 	EXP 	Fixation: autoDraw = True
159.4489 	EXP 	Device response: <KeyPress from None: t=159.2726719166385, value=up, duration=0.16027808340732008>
160.2814 	INFO 	Keyboard events cleared
160.2814 	EXP 	grating: autoDraw = True
160.2987 	EXP 	Fixation: autoDraw = False
160.5820 	EXP 	grating: autoDraw = False
161.1989 	EXP 	Device response: <KeyPress from None: t=161.19460733328015, value=down, duration=None>
161.1989 	EXP 	New trial (rep=79, index=0): <Trial 79 (0 in rep 79) data={'thisN': 79, 'thisTrialN': 0, 'thisRepN': 79}>
161.2003 	DATA 	Keypress: down
161.2145 	EXP 	Fixation: autoDraw = False
161.2145 	EXP 	grating: autoDraw = False
161.2145 	EXP 	grating: ori = np.float64(0.0)
161.2145 	EXP 	Fixation: autoDraw = True
161.3815 	EXP 	Device response: <KeyPress from None: t=161.19460733328015, value=down, duration=0.18032158340793103>
162.1981 	INFO 	Keyboard events cleared
162.1981 	EXP 	grating: autoDraw = True
162.2154 	EXP 	Fixation: autoDraw = False
162.4979 	EXP 	grating: autoDraw = False
163.8149 	EXP 	Device response: <KeyPress from None: t=163.81156433327124, value=up, duration=None>
163.8150 	EXP 	New trial (rep=80, index=0): <Trial 80 (0 in rep 80) data={'thisN': 80, 'thisTrialN': 0, 'thisRepN': 80}>
163.8162 	DATA 	Keypress: up
163.8311 	EXP 	Fixation: autoDraw = False
163.8311 	EXP 	grating: autoDraw = False
163.8311 	EXP 	grating: ori = np.float64(0.0)
163.8311 	EXP 	Fixation: autoDraw = True
163.9645 	EXP 	Device response: <KeyPress from None: t=163.81156433327124, value=up, duration=0.14830804173834622>
164.8146 	INFO 	Keyboard events cleared
164.8146 	EXP 	grating: autoDraw = True
164.8314 	EXP 	Fixation: autoDraw = False
165.1148 	EXP 	grating: autoDraw = False
165.4751 	DATA 	Keypress: up
165.4812 	EXP 	Device response: <KeyPress from None: t=165.4725219582906, value=up, duration=None>
165.4812 	EXP 	New trial (rep=81, index=0): <Trial 81 (0 in rep 81) data={'thisN': 81, 'thisTrialN': 0, 'thisRepN': 81}>
165.4988 	EXP 	Fixation: autoDraw = False
165.4988 	EXP 	grating: autoDraw = False
165.4988 	EXP 	grating: ori = np.float64(0.0)
165.4988 	EXP 	Fixation: autoDraw = True
165.6147 	EXP 	Device response: <KeyPress from None: t=165.4725219582906, value=up, duration=0.136300791753456>
166.4820 	INFO 	Keyboard events cleared
166.4820 	EXP 	grating: autoDraw = True
166.4986 	EXP 	Fixation: autoDraw = False
166.7820 	EXP 	grating: autoDraw = False
167.1479 	EXP 	Device response: <KeyPress from None: t=167.1434627083363, value=up, duration=None>
167.1479 	EXP 	New trial (rep=82, index=0): <Trial 82 (0 in rep 82) data={'thisN': 82, 'thisTrialN': 0, 'thisRepN': 82}>
167.1492 	DATA 	Keypress: up
167.1645 	EXP 	Fixation: autoDraw = False
167.1645 	EXP 	grating: autoDraw = False
167.1645 	EXP 	grating: ori = np.float64(0.0)
167.1645 	EXP 	Fixation: autoDraw = True
167.2814 	EXP 	Device response: <KeyPress from None: t=167.1434627083363, value=up, duration=0.1323285832768306>
168.1476 	INFO 	Keyboard events cleared
168.1475 	EXP 	grating: autoDraw = True
168.1646 	EXP 	Fixation: autoDraw = False
168.4486 	EXP 	grating: autoDraw = False
168.8781 	DATA 	Keypress: up
168.8812 	EXP 	Device response: <KeyPress from None: t=168.8754258332774, value=up, duration=None>
168.8812 	EXP 	New trial (rep=83, index=0): <Trial 83 (0 in rep 83) data={'thisN': 83, 'thisTrialN': 0, 'thisRepN': 83}>
168.8982 	EXP 	Fixation: autoDraw = False
168.8982 	EXP 	grating: autoDraw = False
168.8982 	EXP 	grating: ori = np.float64(0.0)
168.8982 	EXP 	Fixation: autoDraw = True
168.9990 	EXP 	Device response: <KeyPress from None: t=168.8754258332774, value=up, duration=0.12032700004056096>
169.8808 	INFO 	Keyboard events cleared
169.8808 	EXP 	grating: autoDraw = True
169.8979 	EXP 	Fixation: autoDraw = False
170.1811 	EXP 	grating: autoDraw = False
171.0315 	EXP 	Device response: <KeyPress from None: t=171.02739579160698, value=up, duration=None>
171.0316 	EXP 	New trial (rep=84, index=0): <Trial 84 (0 in rep 84) data={'thisN': 84, 'thisTrialN': 0, 'thisRepN': 84}>
171.0328 	DATA 	Keypress: up
171.0476 	EXP 	Fixation: autoDraw = False
171.0476 	EXP 	grating: autoDraw = False
171.0476 	EXP 	grating: ori = np.float64(0.0)
171.0476 	EXP 	Fixation: autoDraw = True
171.1821 	EXP 	Device response: <KeyPress from None: t=171.02739579160698, value=up, duration=0.15253800002392381>
172.0313 	INFO 	Keyboard events cleared
172.0313 	EXP 	grating: autoDraw = True
172.0479 	EXP 	Fixation: autoDraw = False
172.3313 	EXP 	grating: autoDraw = False
172.7252 	DATA 	Keypress: up
172.7313 	EXP 	Device response: <KeyPress from None: t=172.72235208330676, value=up, duration=None>
172.7313 	EXP 	New trial (rep=85, index=0): <Trial 85 (0 in rep 85) data={'thisN': 85, 'thisTrialN': 0, 'thisRepN': 85}>
172.7481 	EXP 	Fixation: autoDraw = False
172.7481 	EXP 	grating: autoDraw = False
172.7481 	EXP 	grating: ori = np.float64(-5.0)
172.7481 	EXP 	Fixation: autoDraw = True
172.8648 	EXP 	Device response: <KeyPress from None: t=172.72235208330676, value=up, duration=0.1363101250026375>
173.7314 	INFO 	Keyboard events cleared
173.7314 	EXP 	grating: autoDraw = True
173.7479 	EXP 	Fixation: autoDraw = False
174.0309 	EXP 	grating: autoDraw = False
174.8262 	DATA 	Keypress: down
174.8315 	EXP 	Device response: <KeyPress from None: t=174.82230200001504, value=down, duration=None>
174.8315 	EXP 	New trial (rep=86, index=0): <Trial 86 (0 in rep 86) data={'thisN': 86, 'thisTrialN': 0, 'thisRepN': 86}>
174.8486 	EXP 	Fixation: autoDraw = False
174.8486 	EXP 	grating: autoDraw = False
174.8486 	EXP 	grating: ori = np.float64(-3.0)
174.8486 	EXP 	Fixation: autoDraw = True
174.9988 	EXP 	Device response: <KeyPress from None: t=174.82230200001504, value=down, duration=0.1683020415948704>
175.8313 	INFO 	Keyboard events cleared
175.8313 	EXP 	grating: autoDraw = True
175.8480 	EXP 	Fixation: autoDraw = False
176.1320 	EXP 	grating: autoDraw = False
177.4270 	DATA 	Keypress: up
177.4316 	EXP 	Device response: <KeyPress from None: t=177.42321616667323, value=up, duration=None>
177.4316 	EXP 	New trial (rep=87, index=0): <Trial 87 (0 in rep 87) data={'thisN': 87, 'thisTrialN': 0, 'thisRepN': 87}>
177.4480 	EXP 	Fixation: autoDraw = False
177.4480 	EXP 	grating: autoDraw = False
177.4480 	EXP 	grating: ori = np.float64(0.0)
177.4480 	EXP 	Fixation: autoDraw = True
177.5811 	EXP 	Device response: <KeyPress from None: t=177.42321616667323, value=up, duration=0.14832937496248633>
178.4319 	INFO 	Keyboard events cleared
178.4319 	EXP 	grating: autoDraw = True
178.4481 	EXP 	Fixation: autoDraw = False
178.7314 	EXP 	grating: autoDraw = False
178.8986 	EXP 	Device response: <KeyPress from None: t=178.89821066660807, value=down, duration=None>
178.8987 	EXP 	New trial (rep=88, index=0): <Trial 88 (0 in rep 88) data={'thisN': 88, 'thisTrialN': 0, 'thisRepN': 88}>
178.9012 	DATA 	Keypress: down
178.9144 	EXP 	Fixation: autoDraw = False
178.9144 	EXP 	grating: autoDraw = False
178.9144 	EXP 	grating: ori = np.float64(0.0)
178.9144 	EXP 	Fixation: autoDraw = True
179.0313 	EXP 	Device response: <KeyPress from None: t=178.89821066660807, value=down, duration=0.11628308333456516>
179.3539 	DATA 	Keypress: up
179.3655 	EXP 	Device response: <KeyPress from None: t=179.3502117083408, value=up, duration=None>
179.4982 	EXP 	Device response: <KeyPress from None: t=179.3502117083408, value=up, duration=0.14427175000309944>
179.9143 	INFO 	Keyboard events cleared
179.9142 	EXP 	Fixation: autoDraw = False
179.9142 	EXP 	grating: autoDraw = True
180.2147 	EXP 	grating: autoDraw = False
181.3367 	DATA 	Keypress: up
181.3478 	EXP 	Device response: <KeyPress from None: t=181.33313620835543, value=up, duration=None>
181.3478 	EXP 	New trial (rep=89, index=0): <Trial 89 (0 in rep 89) data={'thisN': 89, 'thisTrialN': 0, 'thisRepN': 89}>
181.3647 	EXP 	Fixation: autoDraw = False
181.3647 	EXP 	grating: autoDraw = False
181.3647 	EXP 	grating: ori = np.float64(3.0)
181.3647 	EXP 	Fixation: autoDraw = True
181.4477 	EXP 	Device response: <KeyPress from None: t=181.33313620835543, value=up, duration=0.10431966662872583>
182.3478 	INFO 	Keyboard events cleared
182.3477 	EXP 	grating: autoDraw = True
182.3641 	EXP 	Fixation: autoDraw = False
182.6477 	EXP 	grating: autoDraw = False
183.1930 	DATA 	Keypress: down
183.1986 	EXP 	Device response: <KeyPress from None: t=183.18910983332898, value=down, duration=None>
183.1987 	EXP 	New trial (rep=90, index=0): <Trial 90 (0 in rep 90) data={'thisN': 90, 'thisTrialN': 0, 'thisRepN': 90}>
183.2150 	EXP 	Fixation: autoDraw = False
183.2150 	EXP 	grating: autoDraw = False
183.2150 	EXP 	grating: ori = np.float64(0.0)
183.2150 	EXP 	Fixation: autoDraw = True
183.3655 	EXP 	Device response: <KeyPress from None: t=183.18910983332898, value=down, duration=0.16028491663746536>
184.1987 	INFO 	Keyboard events cleared
184.1987 	EXP 	grating: autoDraw = True
184.2152 	EXP 	Fixation: autoDraw = False
184.4986 	EXP 	grating: autoDraw = False
184.6155 	EXP 	Device response: <KeyPress from None: t=184.6142129166983, value=up, duration=None>
184.6156 	EXP 	New trial (rep=91, index=0): <Trial 91 (0 in rep 91) data={'thisN': 91, 'thisTrialN': 0, 'thisRepN': 91}>
184.6175 	DATA 	Keypress: up
184.6309 	EXP 	Fixation: autoDraw = False
184.6309 	EXP 	grating: autoDraw = False
184.6309 	EXP 	grating: ori = np.float64(-2.0)
184.6309 	EXP 	Fixation: autoDraw = True
184.7816 	EXP 	Device response: <KeyPress from None: t=184.6142129166983, value=up, duration=0.15639954165089875>
185.6142 	INFO 	Keyboard events cleared
185.6142 	EXP 	grating: autoDraw = True
185.6311 	EXP 	Fixation: autoDraw = False
185.9152 	EXP 	grating: autoDraw = False
186.3786 	DATA 	Keypress: up
186.3814 	EXP 	Device response: <KeyPress from None: t=186.37502829171717, value=up, duration=None>
186.3814 	EXP 	New trial (rep=92, index=0): <Trial 92 (0 in rep 92) data={'thisN': 92, 'thisTrialN': 0, 'thisRepN': 92}>
186.3980 	EXP 	Fixation: autoDraw = False
186.3980 	EXP 	grating: autoDraw = False
186.3980 	EXP 	grating: ori = np.float64(-1.0)
186.3980 	EXP 	Fixation: autoDraw = True
186.5313 	EXP 	Device response: <KeyPress from None: t=186.37502829171717, value=up, duration=0.14828795823268592>
187.3812 	INFO 	Keyboard events cleared
187.3811 	EXP 	grating: autoDraw = True
187.3979 	EXP 	Fixation: autoDraw = False
187.6820 	EXP 	grating: autoDraw = False
188.2597 	DATA 	Keypress: up
188.2645 	EXP 	Device response: <KeyPress from None: t=188.25598179164808, value=up, duration=None>
188.2646 	EXP 	New trial (rep=93, index=0): <Trial 93 (0 in rep 93) data={'thisN': 93, 'thisTrialN': 0, 'thisRepN': 93}>
188.2810 	EXP 	Fixation: autoDraw = False
188.2810 	EXP 	grating: autoDraw = False
188.2810 	EXP 	grating: ori = np.float64(3.0)
188.2810 	EXP 	Fixation: autoDraw = True
188.4146 	EXP 	Device response: <KeyPress from None: t=188.25598179164808, value=up, duration=0.14431054168380797>
189.2652 	INFO 	Keyboard events cleared
189.2652 	EXP 	grating: autoDraw = True
189.2814 	EXP 	Fixation: autoDraw = False
189.5810 	EXP 	grating: autoDraw = False
190.0989 	EXP 	Device response: <KeyPress from None: t=190.09495916671585, value=down, duration=None>
190.0990 	EXP 	New trial (rep=94, index=0): <Trial 94 (0 in rep 94) data={'thisN': 94, 'thisTrialN': 0, 'thisRepN': 94}>
190.0995 	DATA 	Keypress: down
190.1140 	EXP 	Fixation: autoDraw = False
190.1140 	EXP 	grating: autoDraw = False
190.1140 	EXP 	grating: ori = np.float64(0.0)
190.1140 	EXP 	Fixation: autoDraw = True
190.2481 	EXP 	Device response: <KeyPress from None: t=190.09495916671585, value=down, duration=0.1402814582688734>
191.0986 	INFO 	Keyboard events cleared
191.0986 	EXP 	grating: autoDraw = True
191.1154 	EXP 	Fixation: autoDraw = False
191.3987 	EXP 	grating: autoDraw = False
202.7822 	EXP 	Device response: <KeyPress from None: t=202.777743958286, value=up, duration=None>
202.7822 	EXP 	New trial (rep=95, index=0): <Trial 95 (0 in rep 95) data={'thisN': 95, 'thisTrialN': 0, 'thisRepN': 95}>
202.7832 	DATA 	Keypress: up
202.7980 	EXP 	Fixation: autoDraw = False
202.7980 	EXP 	grating: autoDraw = False
202.7980 	EXP 	grating: ori = np.float64(0.0)
202.7980 	EXP 	Fixation: autoDraw = True
202.9644 	EXP 	Device response: <KeyPress from None: t=202.777743958286, value=up, duration=0.1783834167290479>
203.7975 	INFO 	Keyboard events cleared
203.7974 	EXP 	Fixation: autoDraw = False
203.7974 	EXP 	grating: autoDraw = True
204.0980 	EXP 	grating: autoDraw = False
204.7085 	DATA 	Keypress: up
204.7142 	EXP 	Device response: <KeyPress from None: t=204.70475329167675, value=up, duration=None>
204.7143 	EXP 	New trial (rep=96, index=0): <Trial 96 (0 in rep 96) data={'thisN': 96, 'thisTrialN': 0, 'thisRepN': 96}>
204.7311 	EXP 	Fixation: autoDraw = False
204.7311 	EXP 	grating: autoDraw = False
204.7311 	EXP 	grating: ori = np.float64(4.0)
204.7311 	EXP 	Fixation: autoDraw = True
204.8478 	EXP 	Device response: <KeyPress from None: t=204.70475329167675, value=up, duration=0.1283195000141859>
205.7146 	INFO 	Keyboard events cleared
205.7145 	EXP 	grating: autoDraw = True
205.7319 	EXP 	Fixation: autoDraw = False
206.0146 	EXP 	grating: autoDraw = False
206.4267 	DATA 	Keypress: down
206.4315 	EXP 	Device response: <KeyPress from None: t=206.42273437499534, value=down, duration=None>
206.4315 	EXP 	New trial (rep=97, index=0): <Trial 97 (0 in rep 97) data={'thisN': 97, 'thisTrialN': 0, 'thisRepN': 97}>
206.4479 	EXP 	Fixation: autoDraw = False
206.4479 	EXP 	grating: autoDraw = False
206.4479 	EXP 	grating: ori = np.float64(-5.0)
206.4479 	EXP 	Fixation: autoDraw = True
206.6145 	EXP 	Device response: <KeyPress from None: t=206.42273437499534, value=down, duration=0.18830174999311566>
207.4312 	INFO 	Keyboard events cleared
207.4311 	EXP 	grating: autoDraw = True
207.4476 	EXP 	Fixation: autoDraw = False
207.7307 	EXP 	grating: autoDraw = False
208.0314 	EXP 	Device response: <KeyPress from None: t=208.02867420832627, value=down, duration=None>
208.0314 	EXP 	New trial (rep=98, index=0): <Trial 98 (0 in rep 98) data={'thisN': 98, 'thisTrialN': 0, 'thisRepN': 98}>
208.0341 	DATA 	Keypress: down
208.0474 	EXP 	Fixation: autoDraw = False
208.0474 	EXP 	grating: autoDraw = False
208.0474 	EXP 	grating: ori = np.float64(0.0)
208.0474 	EXP 	Fixation: autoDraw = True
208.2311 	EXP 	Device response: <KeyPress from None: t=208.02867420832627, value=down, duration=0.19632850005291402>
209.0308 	INFO 	Keyboard events cleared
209.0308 	EXP 	grating: autoDraw = True
209.0475 	EXP 	Fixation: autoDraw = False
209.3311 	EXP 	grating: autoDraw = False
209.8613 	DATA 	Keypress: up
209.8655 	EXP 	Device response: <KeyPress from None: t=209.85766133328434, value=up, duration=None>
209.8655 	EXP 	New trial (rep=99, index=0): <Trial 99 (0 in rep 99) data={'thisN': 99, 'thisTrialN': 0, 'thisRepN': 99}>
209.8819 	EXP 	Fixation: autoDraw = False
209.8819 	EXP 	grating: autoDraw = False
209.8819 	EXP 	grating: ori = np.float64(-2.0)
209.8819 	EXP 	Fixation: autoDraw = True
210.0144 	EXP 	Device response: <KeyPress from None: t=209.85766133328434, value=up, duration=0.15227612503804266>
210.8818 	INFO 	Keyboard events cleared
210.8818 	EXP 	grating: autoDraw = True
210.8986 	EXP 	Fixation: autoDraw = False
211.1809 	EXP 	grating: autoDraw = False
211.4716 	DATA 	Keypress: up
211.4813 	EXP 	Device response: <KeyPress from None: t=211.46861812495627, value=up, duration=None>
211.4978 	EXP 	Fixation: autoDraw = False
211.4978 	EXP 	grating: autoDraw = False
211.4978 	EXP 	text_2: autoDraw = True
211.6314 	EXP 	Device response: <KeyPress from None: t=211.46861812495627, value=up, duration=0.1482826666906476>
213.4975 	EXP 	text_2: autoDraw = False
213.4975 	EXP 	text_2: autoDraw = False
213.4975 	EXP 	sd1_Signal detection task_2026-09-09_17h55.44.208.psydat: status = STOPPED
213.5069 	INFO 	saved data to '/Users/anayatalesra/Desktop/psy310/signal detection/data/sd1_sd1_Signal detection task_2026-09-09_17h55.44.208.psydat_2026-09-09_17h57.26.531.csv'
213.5072 	INFO 	saved data to /Users/anayatalesra/Desktop/psy310/signal detection/data/sd1_sd1_Signal detection task_2026-09-09_17h55.44.208.psydat_2026-09-09_17h57.26.531.psydat
213.6050 	INFO 	Stopping keyboard key buffers.
